// Jest Snapshot v1, https://goo.gl/fbAQLP

exports[`Test Booking/Header component Snapshot header 1`] = `
<header
  className="sc-bdVaJa bJCXco header"
>
  <span
    className="movie-name"
  >
    Spider-man: Người nhện xa nhà
  </span>
  <span
    className="movie-detail"
  >
    C13 | 2D Vietsub
  </span>
</header>
`;
