// Jest Snapshot v1, https://goo.gl/fbAQLP

exports[`Test Seats component Snapshot seats 1`] = `
<main
  className="sc-bwzfXH jrgzpK"
>
  <div
    className="row"
  >
    <span
      className="name"
    >
      A
    </span>
    <div
      className="inner"
    >
      <div
        className="sc-bdVaJa bCssIi seat standard"
        onClick={[Function]}
      >
        <span>
          1
        </span>
      </div>
      <div
        className="sc-bdVaJa bCssIi seat standard"
        onClick={[Function]}
      >
        <span>
          2
        </span>
      </div>
      <div
        className="sc-bdVaJa bCssIi seat standard"
        onClick={[Function]}
      >
        <span>
          3
        </span>
      </div>
      <div
        className="sc-bdVaJa bCssIi seat standard"
        onClick={[Function]}
      >
        <span>
          4
        </span>
      </div>
      <div
        className="sc-bdVaJa bCssIi seat standard"
        onClick={[Function]}
      >
        <span>
          5
        </span>
      </div>
      <div
        className="sc-bdVaJa bCssIi seat standard"
        onClick={[Function]}
      >
        <span>
          6
        </span>
      </div>
      <div
        className="sc-bdVaJa bCssIi seat standard"
        onClick={[Function]}
      >
        <span>
          7
        </span>
      </div>
      <div
        className="sc-bdVaJa bCssIi seat standard"
        onClick={[Function]}
      >
        <span>
          8
        </span>
      </div>
      <div
        className="sc-bdVaJa bCssIi seat standard"
        onClick={[Function]}
      >
        <span>
          9
        </span>
      </div>
    </div>
  </div>
  <div
    className="row"
  >
    <span
      className="name"
    >
      B
    </span>
    <div
      className="inner"
    >
      <div
        className="sc-bdVaJa bCssIi seat standard"
        onClick={[Function]}
      >
        <span>
          1
        </span>
      </div>
      <div
        className="sc-bdVaJa bCssIi seat standard"
        onClick={[Function]}
      >
        <span>
          2
        </span>
      </div>
      <div
        className="sc-bdVaJa bCssIi seat standard"
        onClick={[Function]}
      >
        <span>
          3
        </span>
      </div>
      <div
        className="sc-bdVaJa bCssIi seat standard"
        onClick={[Function]}
      >
        <span>
          4
        </span>
      </div>
      <div
        className="sc-bdVaJa bCssIi seat standard"
        onClick={[Function]}
      >
        <span>
          5
        </span>
      </div>
      <div
        className="sc-bdVaJa bCssIi seat standard"
        onClick={[Function]}
      >
        <span>
          6
        </span>
      </div>
      <div
        className="sc-bdVaJa bCssIi seat standard"
        onClick={[Function]}
      >
        <span>
          7
        </span>
      </div>
      <div
        className="sc-bdVaJa bCssIi seat standard"
        onClick={[Function]}
      >
        <span>
          8
        </span>
      </div>
      <div
        className="sc-bdVaJa bCssIi seat standard"
        onClick={[Function]}
      >
        <span>
          9
        </span>
      </div>
    </div>
  </div>
  <div
    className="row"
  >
    <span
      className="name"
    >
      C
    </span>
    <div
      className="inner"
    >
      <div
        className="sc-bdVaJa bCssIi seat standard"
        onClick={[Function]}
      >
        <span>
          1
        </span>
      </div>
      <div
        className="sc-bdVaJa bCssIi seat standard"
        onClick={[Function]}
      >
        <span>
          2
        </span>
      </div>
      <div
        className="sc-bdVaJa bCssIi seat standard"
        onClick={[Function]}
      >
        <span>
          3
        </span>
      </div>
      <div
        className="sc-bdVaJa bCssIi seat standard"
        onClick={[Function]}
      >
        <span>
          4
        </span>
      </div>
      <div
        className="sc-bdVaJa bCssIi seat standard"
        onClick={[Function]}
      >
        <span>
          5
        </span>
      </div>
      <div
        className="sc-bdVaJa bCssIi seat standard"
        onClick={[Function]}
      >
        <span>
          6
        </span>
      </div>
      <div
        className="sc-bdVaJa bCssIi seat standard"
        onClick={[Function]}
      >
        <span>
          7
        </span>
      </div>
      <div
        className="sc-bdVaJa bCssIi seat standard"
        onClick={[Function]}
      >
        <span>
          8
        </span>
      </div>
    </div>
  </div>
  <div
    className="row"
  >
    <span
      className="name"
    >
      D
    </span>
    <div
      className="inner"
    >
      <div
        className="sc-bdVaJa bCssIi seat standard"
        onClick={[Function]}
      >
        <span>
          1
        </span>
      </div>
      <div
        className="sc-bdVaJa bCssIi seat standard"
        onClick={[Function]}
      >
        <span>
          2
        </span>
      </div>
      <div
        className="sc-bdVaJa bCssIi seat standard"
        onClick={[Function]}
      >
        <span>
          3
        </span>
      </div>
    </div>
  </div>
  <div
    className="row"
  >
    <span
      className="name"
    >
      E
    </span>
    <div
      className="inner"
    >
      <div
        className="sc-bdVaJa bCssIi seat vip"
        onClick={[Function]}
      >
        <span>
          1
        </span>
      </div>
      <div
        className="sc-bdVaJa bCssIi seat vip"
        onClick={[Function]}
      >
        <span>
          2
        </span>
      </div>
      <div
        className="sc-bdVaJa bCssIi seat vip"
        onClick={[Function]}
      >
        <span>
          3
        </span>
      </div>
      <div
        className="sc-bdVaJa bCssIi seat vip"
        onClick={[Function]}
      >
        <span>
          4
        </span>
      </div>
    </div>
  </div>
  <div
    className="row"
  >
    <span
      className="name"
    >
      F
    </span>
    <div
      className="inner"
    >
      <div
        className="sc-bdVaJa bCssIi seat vip"
        onClick={[Function]}
      >
        <span>
          1
        </span>
      </div>
    </div>
  </div>
  <div
    className="row"
  >
    <span
      className="name"
    >
      G
    </span>
    <div
      className="inner"
    >
      <div
        className="sc-bdVaJa bCssIi seat vip"
        onClick={[Function]}
      >
        <span>
          1
        </span>
      </div>
    </div>
  </div>
  <div
    className="row"
  >
    <span
      className="name"
    >
      H
    </span>
    <div
      className="inner"
    >
      <div
        className="sc-bdVaJa bCssIi seat vip"
        onClick={[Function]}
      >
        <span>
          1
        </span>
      </div>
    </div>
  </div>
  <div
    className="row"
  >
    <span
      className="name"
    >
      I
    </span>
    <div
      className="inner"
    >
      <div
        className="sc-bdVaJa bCssIi seat vip"
        onClick={[Function]}
      >
        <span>
          1
        </span>
      </div>
    </div>
  </div>
  <div
    className="row"
  >
    <span
      className="name"
    >
      J
    </span>
    <div
      className="inner"
    >
      <div
        className="sc-bdVaJa bCssIi seat vip"
        onClick={[Function]}
      >
        <span>
          1
        </span>
      </div>
    </div>
  </div>
  <div
    className="row"
  >
    <span
      className="name"
    >
      K
    </span>
    <div
      className="inner"
    >
      <div
        className="sc-bdVaJa bCssIi seat deluxe"
        onClick={[Function]}
      >
        <span>
          1
        </span>
      </div>
    </div>
  </div>
</main>
`;
